--Liso Server-- begin at [Fri May 06 20:54:03 2022]
